// Jest Snapshot v1, https://goo.gl/fbAQLP

exports[`#fetchOrganizationEntitlementSet should collect data: jobState 1`] = `
Object {
  "collectedEntities": Array [
    Object {
      "_class": Array [
        "Entity",
      ],
      "_key": "entitlement-set-jupiterone",
      "_rawData": Array [
        Object {
          "name": "default",
          "rawData": Object {
            "agents": false,
            "auditLogging": false,
            "configurationDesigner": true,
            "costEstimation": false,
            "id": "org-yMai1ZUhS39WMAU9",
            "operations": true,
            "privateModuleRegistry": true,
            "selfServeBilling": true,
            "sentinel": false,
            "sso": false,
            "stateStorage": true,
            "teams": false,
            "usageReporting": false,
            "userLimit": 5,
            "vcsIntegrations": true,
          },
        },
      ],
      "_type": "tfe_entitlement_set",
      "agents": false,
      "auditLogging": false,
      "configurationDesigner": true,
      "costEstimation": false,
      "createdOn": undefined,
      "displayName": "entitlement-set-jupiterone",
      "id": "org-yMai1ZUhS39WMAU9",
      "name": "entitlement-set-jupiterone",
      "operations": true,
      "privateModuleRegistry": true,
      "selfServeBilling": true,
      "sentinel": false,
      "sso": false,
      "stateStorage": true,
      "teams": false,
      "usageReporting": false,
      "userLimit": 5,
      "vcsIntegrations": true,
    },
    Object {
      "_class": Array [
        "Entity",
      ],
      "_key": "entitlement-set-j1-test-org",
      "_rawData": Array [
        Object {
          "name": "default",
          "rawData": Object {
            "agents": false,
            "auditLogging": false,
            "configurationDesigner": true,
            "costEstimation": true,
            "id": "org-qcDVXfQDYmRkaSDr",
            "operations": true,
            "privateModuleRegistry": true,
            "selfServeBilling": true,
            "sentinel": true,
            "sso": false,
            "stateStorage": true,
            "teams": true,
            "usageReporting": false,
            "userLimit": null,
            "vcsIntegrations": true,
          },
        },
      ],
      "_type": "tfe_entitlement_set",
      "agents": false,
      "auditLogging": false,
      "configurationDesigner": true,
      "costEstimation": true,
      "createdOn": undefined,
      "displayName": "entitlement-set-j1-test-org",
      "id": "org-qcDVXfQDYmRkaSDr",
      "name": "entitlement-set-j1-test-org",
      "operations": true,
      "privateModuleRegistry": true,
      "selfServeBilling": true,
      "sentinel": true,
      "sso": false,
      "stateStorage": true,
      "teams": true,
      "usageReporting": false,
      "userLimit": null,
      "vcsIntegrations": true,
    },
  ],
  "collectedRelationships": Array [
    Object {
      "_class": "HAS",
      "_fromEntityKey": "org-yMai1ZUhS39WMAU9",
      "_key": "org-yMai1ZUhS39WMAU9|has|entitlement-set-jupiterone",
      "_toEntityKey": "entitlement-set-jupiterone",
      "_type": "tfe_organization_has_entitlement_set",
      "displayName": "HAS",
    },
    Object {
      "_class": "HAS",
      "_fromEntityKey": "org-qcDVXfQDYmRkaSDr",
      "_key": "org-qcDVXfQDYmRkaSDr|has|entitlement-set-j1-test-org",
      "_toEntityKey": "entitlement-set-j1-test-org",
      "_type": "tfe_organization_has_entitlement_set",
      "displayName": "HAS",
    },
  ],
  "encounteredTypes": Array [
    "tfe_entitlement_set",
    "tfe_organization_has_entitlement_set",
  ],
  "numCollectedEntities": 2,
  "numCollectedRelationships": 2,
}
`;

exports[`#fetchOrganizationMembers should collect data: jobState 1`] = `
Object {
  "collectedEntities": Array [
    Object {
      "_class": Array [
        "User",
      ],
      "_key": "user-dtoAE5LXupfvycjK",
      "_rawData": Array [
        Object {
          "name": "default",
          "rawData": Object {
            "avatarUrl": "https://www.gravatar.com/avatar/1941eaaff412c1a04cfd4166bfd66371?s=100&d=mm",
            "email": "austin.kelleher@jupiterone.com",
            "isServiceAccount": false,
            "permissions": Object {
              "canChangeEmail": true,
              "canChangeUsername": true,
              "canCreateOrganizations": false,
              "canManageUserTokens": false,
            },
            "twoFactor": Object {
              "enabled": false,
              "verified": false,
            },
            "username": "austinkelleher-jupiterone",
          },
        },
      ],
      "_type": "tfe_user",
      "avatarUrl": "https://www.gravatar.com/avatar/1941eaaff412c1a04cfd4166bfd66371?s=100&d=mm",
      "createdOn": undefined,
      "displayName": "austinkelleher-jupiterone",
      "email": "austin.kelleher@jupiterone.com",
      "id": "user-dtoAE5LXupfvycjK",
      "isServiceAccount": false,
      "mfaEnabled": false,
      "mfaVerified": false,
      "name": "austinkelleher-jupiterone",
      "permissions.canChangeEmail": true,
      "permissions.canChangeUsername": true,
      "permissions.canCreateOrganizations": false,
      "permissions.canManageUserTokens": false,
      "username": "austinkelleher-jupiterone",
    },
    Object {
      "_class": Array [
        "User",
      ],
      "_key": "user-HMyUEwhb3mB45HZ7",
      "_rawData": Array [
        Object {
          "name": "default",
          "rawData": Object {
            "avatarUrl": "https://www.gravatar.com/avatar/4cdbb2e21e2d991b0dd11d9a38c2c660?s=100&d=mm",
            "email": "nick.dowmon@jupiterone.com",
            "isServiceAccount": false,
            "permissions": Object {
              "canChangeEmail": true,
              "canChangeUsername": true,
              "canCreateOrganizations": false,
              "canManageUserTokens": false,
            },
            "twoFactor": Object {
              "enabled": false,
              "verified": false,
            },
            "username": "ndowmon",
          },
        },
      ],
      "_type": "tfe_user",
      "avatarUrl": "https://www.gravatar.com/avatar/4cdbb2e21e2d991b0dd11d9a38c2c660?s=100&d=mm",
      "createdOn": undefined,
      "displayName": "ndowmon",
      "email": "nick.dowmon@jupiterone.com",
      "id": "user-HMyUEwhb3mB45HZ7",
      "isServiceAccount": false,
      "mfaEnabled": false,
      "mfaVerified": false,
      "name": "ndowmon",
      "permissions.canChangeEmail": true,
      "permissions.canChangeUsername": true,
      "permissions.canCreateOrganizations": false,
      "permissions.canManageUserTokens": false,
      "username": "ndowmon",
    },
    Object {
      "_class": Array [
        "User",
      ],
      "_key": "user-2yZJWZGNJmNsidGK",
      "_rawData": Array [
        Object {
          "name": "default",
          "rawData": Object {
            "avatarUrl": "https://www.gravatar.com/avatar/6bf8d79d3b1d6d34a9d69f62cd09d20a?s=100&d=mm",
            "email": "pgilaga@gmail.com",
            "isServiceAccount": false,
            "permissions": Object {
              "canChangeEmail": true,
              "canChangeUsername": true,
              "canCreateOrganizations": false,
              "canManageUserTokens": false,
            },
            "twoFactor": Object {
              "enabled": false,
              "verified": false,
            },
            "username": "pgilaga",
          },
        },
      ],
      "_type": "tfe_user",
      "avatarUrl": "https://www.gravatar.com/avatar/6bf8d79d3b1d6d34a9d69f62cd09d20a?s=100&d=mm",
      "createdOn": undefined,
      "displayName": "pgilaga",
      "email": "pgilaga@gmail.com",
      "id": "user-2yZJWZGNJmNsidGK",
      "isServiceAccount": false,
      "mfaEnabled": false,
      "mfaVerified": false,
      "name": "pgilaga",
      "permissions.canChangeEmail": true,
      "permissions.canChangeUsername": true,
      "permissions.canCreateOrganizations": false,
      "permissions.canManageUserTokens": false,
      "username": "pgilaga",
    },
    Object {
      "_class": Array [
        "User",
      ],
      "_key": "user-qZQNfnC19eG6Ameo",
      "_rawData": Array [
        Object {
          "name": "default",
          "rawData": Object {
            "avatarUrl": "https://www.gravatar.com/avatar/5a764b0f770a7bfe74cdc94afea04ed6?s=100&d=mm",
            "email": "stefan@creativice.com",
            "isServiceAccount": false,
            "permissions": Object {
              "canChangeEmail": true,
              "canChangeUsername": true,
              "canCreateOrganizations": false,
              "canManageUserTokens": false,
            },
            "twoFactor": Object {
              "enabled": false,
              "verified": false,
            },
            "username": "stefan-creativice",
          },
        },
      ],
      "_type": "tfe_user",
      "avatarUrl": "https://www.gravatar.com/avatar/5a764b0f770a7bfe74cdc94afea04ed6?s=100&d=mm",
      "createdOn": undefined,
      "displayName": "stefan-creativice",
      "email": "stefan@creativice.com",
      "id": "user-qZQNfnC19eG6Ameo",
      "isServiceAccount": false,
      "mfaEnabled": false,
      "mfaVerified": false,
      "name": "stefan-creativice",
      "permissions.canChangeEmail": true,
      "permissions.canChangeUsername": true,
      "permissions.canCreateOrganizations": false,
      "permissions.canManageUserTokens": false,
      "username": "stefan-creativice",
    },
  ],
  "collectedRelationships": Array [
    Object {
      "_class": "HAS",
      "_fromEntityKey": "org-yMai1ZUhS39WMAU9",
      "_key": "org-yMai1ZUhS39WMAU9|has|user-dtoAE5LXupfvycjK",
      "_toEntityKey": "user-dtoAE5LXupfvycjK",
      "_type": "tfe_organization_has_user",
      "displayName": "HAS",
      "status": "active",
    },
    Object {
      "_class": "HAS",
      "_fromEntityKey": "org-yMai1ZUhS39WMAU9",
      "_key": "org-yMai1ZUhS39WMAU9|has|user-HMyUEwhb3mB45HZ7",
      "_toEntityKey": "user-HMyUEwhb3mB45HZ7",
      "_type": "tfe_organization_has_user",
      "displayName": "HAS",
      "status": "active",
    },
    Object {
      "_class": "HAS",
      "_fromEntityKey": "org-yMai1ZUhS39WMAU9",
      "_key": "org-yMai1ZUhS39WMAU9|has|user-2yZJWZGNJmNsidGK",
      "_toEntityKey": "user-2yZJWZGNJmNsidGK",
      "_type": "tfe_organization_has_user",
      "displayName": "HAS",
      "status": "active",
    },
    Object {
      "_class": "HAS",
      "_fromEntityKey": "org-yMai1ZUhS39WMAU9",
      "_key": "org-yMai1ZUhS39WMAU9|has|user-qZQNfnC19eG6Ameo",
      "_toEntityKey": "user-qZQNfnC19eG6Ameo",
      "_type": "tfe_organization_has_user",
      "displayName": "HAS",
      "status": "active",
    },
  ],
  "encounteredTypes": Array [
    "tfe_user",
    "tfe_organization_has_user",
  ],
  "numCollectedEntities": 4,
  "numCollectedRelationships": 4,
}
`;

exports[`#fetchOrganizationTeams should collect data: jobState 1`] = `
Object {
  "collectedEntities": Array [],
  "collectedRelationships": Array [],
  "encounteredTypes": Array [],
  "numCollectedEntities": 0,
  "numCollectedRelationships": 0,
}
`;

exports[`#fetchOrganizationWorkspaces should collect data: jobState 1`] = `
Object {
  "collectedEntities": Array [
    Object {
      "_class": Array [
        "Project",
      ],
      "_key": "ws-GRtYdcUZksn1rsrR",
      "_rawData": Array [
        Object {
          "name": "default",
          "rawData": Object {
            "actions": Object {
              "isDestroyable": true,
            },
            "allowDestroyPlan": true,
            "applyDurationAverage": 65000,
            "autoApply": false,
            "autoDestroyAt": null,
            "createdAt": "2021-05-31T15:20:59.196Z",
            "description": "Used for development against the \\"jupiterone.dev\\" Google Cloud organization",
            "environment": "default",
            "executionMode": "remote",
            "fileTriggersEnabled": false,
            "globalRemoteState": false,
            "latestChangeAt": "2021-11-30T15:56:24.017Z",
            "locked": false,
            "name": "integration-development-google-cloud-v2-jupiterone-dev",
            "operations": true,
            "permissions": Object {
              "canCreateStateVersions": true,
              "canDestroy": true,
              "canForceUnlock": true,
              "canLock": true,
              "canManageTags": true,
              "canQueueApply": true,
              "canQueueDestroy": true,
              "canQueueRun": true,
              "canReadSettings": true,
              "canReadStateVersions": true,
              "canReadVariable": true,
              "canUnlock": true,
              "canUpdate": true,
              "canUpdateVariable": true,
            },
            "planDurationAverage": 21000,
            "policyCheckFailures": null,
            "queueAllRuns": false,
            "resourceCount": 75,
            "runFailures": 16,
            "source": "tfe-ui",
            "sourceName": null,
            "sourceUrl": null,
            "speculativeEnabled": false,
            "structuredRunOutputEnabled": true,
            "tagNames": Array [],
            "terraformVersion": "0.15.4",
            "triggerPrefixes": Array [],
            "updatedAt": "2021-11-30T15:56:26.127Z",
            "vcsRepo": null,
            "vcsRepoIdentifier": null,
            "workingDirectory": "",
            "workspaceKpisRunsCount": 30,
          },
        },
      ],
      "_type": "tfe_workspace",
      "actionsIsDestroyable": true,
      "allowDestroyPlan": true,
      "applyDurationAverage": 65000,
      "autoApply": false,
      "autoDestroyAt": null,
      "createdAt": "2021-05-31T15:20:59.196Z",
      "createdOn": 1622474459196,
      "description": "Used for development against the \\"jupiterone.dev\\" Google Cloud organization",
      "displayName": "integration-development-google-cloud-v2-jupiterone-dev",
      "environment": "default",
      "executionMode": "remote",
      "fileTriggersEnabled": false,
      "globalRemoteState": false,
      "latestChangeAt": "2021-11-30T15:56:24.017Z",
      "locked": false,
      "name": "integration-development-google-cloud-v2-jupiterone-dev",
      "operations": true,
      "permissions.canCreateStateVersions": true,
      "permissions.canDestroy": true,
      "permissions.canForceUnlock": true,
      "permissions.canLock": true,
      "permissions.canManageTags": true,
      "permissions.canQueueApply": true,
      "permissions.canQueueDestroy": true,
      "permissions.canQueueRun": true,
      "permissions.canReadSettings": true,
      "permissions.canReadStateVersions": true,
      "permissions.canReadVariable": true,
      "permissions.canUnlock": true,
      "permissions.canUpdate": true,
      "permissions.canUpdateVariable": true,
      "planDurationAverage": 21000,
      "policyCheckFailures": null,
      "queueAllRuns": false,
      "resourceCount": 75,
      "runFailures": 16,
      "source": "tfe-ui",
      "sourceName": null,
      "sourceUrl": null,
      "speculativeEnabled": false,
      "structuredRunOutputEnabled": true,
      "terraformVersion": "0.15.4",
      "triggerPrefixes": Array [],
      "updatedAt": "2021-11-30T15:56:26.127Z",
      "vcsRepoBranch": undefined,
      "vcsRepoDisplayIndentifier": undefined,
      "vcsRepoIdentifier": null,
      "vcsRepoIngressSubmodules": undefined,
      "vcsRepoOauthTokenId": undefined,
      "vcsRepoRepositoryHttpUrl": undefined,
      "vcsRepoServiceProvider": undefined,
      "vcsRepoWebhookUrl": undefined,
      "webLink": "https://app.terraform.io/app/integration-development-google-cloud-v2-jupiterone-dev/workspaces",
      "workingDirectory": "",
      "workspaceKpisRunsCount": 30,
    },
    Object {
      "_class": Array [
        "Project",
      ],
      "_key": "ws-jJQ2vczsvo6BrLC7",
      "_rawData": Array [
        Object {
          "name": "default",
          "rawData": Object {
            "actions": Object {
              "isDestroyable": true,
            },
            "allowDestroyPlan": true,
            "applyDurationAverage": 34000,
            "autoApply": false,
            "autoDestroyAt": null,
            "createdAt": "2021-02-17T21:26:58.799Z",
            "description": null,
            "environment": "default",
            "executionMode": "remote",
            "fileTriggersEnabled": false,
            "globalRemoteState": true,
            "latestChangeAt": "2021-05-28T17:39:48.509Z",
            "locked": false,
            "name": "integration-development-google-cloud",
            "operations": true,
            "permissions": Object {
              "canCreateStateVersions": true,
              "canDestroy": true,
              "canForceUnlock": true,
              "canLock": true,
              "canManageTags": true,
              "canQueueApply": true,
              "canQueueDestroy": true,
              "canQueueRun": true,
              "canReadSettings": true,
              "canReadStateVersions": true,
              "canReadVariable": true,
              "canUnlock": true,
              "canUpdate": true,
              "canUpdateVariable": true,
            },
            "planDurationAverage": 28000,
            "policyCheckFailures": null,
            "queueAllRuns": false,
            "resourceCount": 75,
            "runFailures": 21,
            "source": "tfe-ui",
            "sourceName": null,
            "sourceUrl": null,
            "speculativeEnabled": true,
            "structuredRunOutputEnabled": null,
            "tagNames": Array [],
            "terraformVersion": "0.14.7",
            "triggerPrefixes": Array [],
            "updatedAt": "2021-07-16T14:03:57.005Z",
            "vcsRepo": null,
            "vcsRepoIdentifier": null,
            "workingDirectory": "",
            "workspaceKpisRunsCount": 30,
          },
        },
      ],
      "_type": "tfe_workspace",
      "actionsIsDestroyable": true,
      "allowDestroyPlan": true,
      "applyDurationAverage": 34000,
      "autoApply": false,
      "autoDestroyAt": null,
      "createdAt": "2021-02-17T21:26:58.799Z",
      "createdOn": 1613597218799,
      "description": "",
      "displayName": "integration-development-google-cloud",
      "environment": "default",
      "executionMode": "remote",
      "fileTriggersEnabled": false,
      "globalRemoteState": true,
      "latestChangeAt": "2021-05-28T17:39:48.509Z",
      "locked": false,
      "name": "integration-development-google-cloud",
      "operations": true,
      "permissions.canCreateStateVersions": true,
      "permissions.canDestroy": true,
      "permissions.canForceUnlock": true,
      "permissions.canLock": true,
      "permissions.canManageTags": true,
      "permissions.canQueueApply": true,
      "permissions.canQueueDestroy": true,
      "permissions.canQueueRun": true,
      "permissions.canReadSettings": true,
      "permissions.canReadStateVersions": true,
      "permissions.canReadVariable": true,
      "permissions.canUnlock": true,
      "permissions.canUpdate": true,
      "permissions.canUpdateVariable": true,
      "planDurationAverage": 28000,
      "policyCheckFailures": null,
      "queueAllRuns": false,
      "resourceCount": 75,
      "runFailures": 21,
      "source": "tfe-ui",
      "sourceName": null,
      "sourceUrl": null,
      "speculativeEnabled": true,
      "structuredRunOutputEnabled": null,
      "terraformVersion": "0.14.7",
      "triggerPrefixes": Array [],
      "updatedAt": "2021-07-16T14:03:57.005Z",
      "vcsRepoBranch": undefined,
      "vcsRepoDisplayIndentifier": undefined,
      "vcsRepoIdentifier": null,
      "vcsRepoIngressSubmodules": undefined,
      "vcsRepoOauthTokenId": undefined,
      "vcsRepoRepositoryHttpUrl": undefined,
      "vcsRepoServiceProvider": undefined,
      "vcsRepoWebhookUrl": undefined,
      "webLink": "https://app.terraform.io/app/integration-development-google-cloud/workspaces",
      "workingDirectory": "",
      "workspaceKpisRunsCount": 30,
    },
    Object {
      "_class": Array [
        "Project",
      ],
      "_key": "ws-gQ4fygLdwd1727y5",
      "_rawData": Array [
        Object {
          "name": "default",
          "rawData": Object {
            "actions": Object {
              "isDestroyable": true,
            },
            "allowDestroyPlan": true,
            "applyDurationAverage": null,
            "autoApply": false,
            "autoDestroyAt": null,
            "createdAt": "2021-03-17T18:18:58.685Z",
            "description": null,
            "environment": "default",
            "executionMode": "remote",
            "fileTriggersEnabled": false,
            "globalRemoteState": true,
            "latestChangeAt": "2021-03-17T18:30:38.929Z",
            "locked": false,
            "name": "integration-development-azure",
            "operations": true,
            "permissions": Object {
              "canCreateStateVersions": true,
              "canDestroy": true,
              "canForceUnlock": true,
              "canLock": true,
              "canManageTags": true,
              "canQueueApply": true,
              "canQueueDestroy": true,
              "canQueueRun": true,
              "canReadSettings": true,
              "canReadStateVersions": true,
              "canReadVariable": true,
              "canUnlock": true,
              "canUpdate": true,
              "canUpdateVariable": true,
            },
            "planDurationAverage": null,
            "policyCheckFailures": null,
            "queueAllRuns": false,
            "resourceCount": 31,
            "runFailures": null,
            "source": "tfe-ui",
            "sourceName": null,
            "sourceUrl": null,
            "speculativeEnabled": true,
            "structuredRunOutputEnabled": false,
            "tagNames": Array [],
            "terraformVersion": "0.12.24",
            "triggerPrefixes": Array [],
            "updatedAt": "2021-03-18T15:36:21.699Z",
            "vcsRepo": null,
            "vcsRepoIdentifier": null,
            "workingDirectory": "",
            "workspaceKpisRunsCount": null,
          },
        },
      ],
      "_type": "tfe_workspace",
      "actionsIsDestroyable": true,
      "allowDestroyPlan": true,
      "applyDurationAverage": null,
      "autoApply": false,
      "autoDestroyAt": null,
      "createdAt": "2021-03-17T18:18:58.685Z",
      "createdOn": 1616005138685,
      "description": "",
      "displayName": "integration-development-azure",
      "environment": "default",
      "executionMode": "remote",
      "fileTriggersEnabled": false,
      "globalRemoteState": true,
      "latestChangeAt": "2021-03-17T18:30:38.929Z",
      "locked": false,
      "name": "integration-development-azure",
      "operations": true,
      "permissions.canCreateStateVersions": true,
      "permissions.canDestroy": true,
      "permissions.canForceUnlock": true,
      "permissions.canLock": true,
      "permissions.canManageTags": true,
      "permissions.canQueueApply": true,
      "permissions.canQueueDestroy": true,
      "permissions.canQueueRun": true,
      "permissions.canReadSettings": true,
      "permissions.canReadStateVersions": true,
      "permissions.canReadVariable": true,
      "permissions.canUnlock": true,
      "permissions.canUpdate": true,
      "permissions.canUpdateVariable": true,
      "planDurationAverage": null,
      "policyCheckFailures": null,
      "queueAllRuns": false,
      "resourceCount": 31,
      "runFailures": null,
      "source": "tfe-ui",
      "sourceName": null,
      "sourceUrl": null,
      "speculativeEnabled": true,
      "structuredRunOutputEnabled": false,
      "terraformVersion": "0.12.24",
      "triggerPrefixes": Array [],
      "updatedAt": "2021-03-18T15:36:21.699Z",
      "vcsRepoBranch": undefined,
      "vcsRepoDisplayIndentifier": undefined,
      "vcsRepoIdentifier": null,
      "vcsRepoIngressSubmodules": undefined,
      "vcsRepoOauthTokenId": undefined,
      "vcsRepoRepositoryHttpUrl": undefined,
      "vcsRepoServiceProvider": undefined,
      "vcsRepoWebhookUrl": undefined,
      "webLink": "https://app.terraform.io/app/integration-development-azure/workspaces",
      "workingDirectory": "",
      "workspaceKpisRunsCount": null,
    },
  ],
  "collectedRelationships": Array [
    Object {
      "_class": "HAS",
      "_fromEntityKey": "org-yMai1ZUhS39WMAU9",
      "_key": "org-yMai1ZUhS39WMAU9|has|ws-GRtYdcUZksn1rsrR",
      "_toEntityKey": "ws-GRtYdcUZksn1rsrR",
      "_type": "tfe_organization_has_workspace",
      "displayName": "HAS",
    },
    Object {
      "_class": "HAS",
      "_fromEntityKey": "org-yMai1ZUhS39WMAU9",
      "_key": "org-yMai1ZUhS39WMAU9|has|ws-jJQ2vczsvo6BrLC7",
      "_toEntityKey": "ws-jJQ2vczsvo6BrLC7",
      "_type": "tfe_organization_has_workspace",
      "displayName": "HAS",
    },
    Object {
      "_class": "HAS",
      "_fromEntityKey": "org-yMai1ZUhS39WMAU9",
      "_key": "org-yMai1ZUhS39WMAU9|has|ws-gQ4fygLdwd1727y5",
      "_toEntityKey": "ws-gQ4fygLdwd1727y5",
      "_type": "tfe_organization_has_workspace",
      "displayName": "HAS",
    },
  ],
  "encounteredTypes": Array [
    "tfe_workspace",
    "tfe_organization_has_workspace",
  ],
  "numCollectedEntities": 3,
  "numCollectedRelationships": 3,
}
`;

exports[`#fetchOrganizations should collect data: jobState 1`] = `
Object {
  "collectedEntities": Array [
    Object {
      "_class": Array [
        "Account",
      ],
      "_key": "account-user-2yZJWZGNJmNsidGK",
      "_rawData": Array [
        Object {
          "name": "default",
          "rawData": Object {
            "avatarUrl": "https://www.gravatar.com/avatar/6bf8d79d3b1d6d34a9d69f62cd09d20a?s=100&d=mm",
            "email": "pgilaga@gmail.com",
            "enterpriseSupport": false,
            "hasGitHubAppToken": false,
            "id": "user-2yZJWZGNJmNsidGK",
            "isConfirmed": true,
            "isServiceAccount": false,
            "isSiteAdmin": false,
            "isSsoLogin": false,
            "isSudo": false,
            "password": null,
            "permissions": Object {
              "canChangeEmail": true,
              "canChangeUsername": true,
              "canCreateOrganizations": true,
              "canManageUserTokens": true,
            },
            "twoFactor": Object {
              "enabled": false,
              "verified": false,
            },
            "unconfirmedEmail": null,
            "username": "pgilaga",
          },
        },
      ],
      "_type": "tfe_account",
      "createdOn": undefined,
      "displayName": "pgilaga",
      "email": "pgilaga@gmail.com",
      "id": "user-2yZJWZGNJmNsidGK",
      "name": "pgilaga",
      "username": "pgilaga",
    },
    Object {
      "_class": Array [
        "Organization",
      ],
      "_key": "org-yMai1ZUhS39WMAU9",
      "_rawData": Array [
        Object {
          "name": "default",
          "rawData": Object {
            "collaboratorAuthPolicy": "password",
            "costEstimationEnabled": false,
            "createdAt": "2021-02-17T21:24:28.929Z",
            "email": "austin.kelleher@jupiterone.com",
            "externalId": "org-yMai1ZUhS39WMAU9",
            "fairRunQueuingEnabled": true,
            "name": "jupiterone",
            "ownersTeamSamlRoleId": null,
            "permissions": Object {
              "canAccessViaTeams": true,
              "canCreateModule": true,
              "canCreateProvider": false,
              "canCreateTeam": false,
              "canCreateWorkspace": true,
              "canDestroy": true,
              "canManagePublicModules": true,
              "canManagePublicProviders": false,
              "canManageSso": false,
              "canManageSubscription": true,
              "canManageTags": true,
              "canManageUsers": true,
              "canStartTrial": true,
              "canTraverse": true,
              "canUpdate": true,
              "canUpdateAgentPools": false,
              "canUpdateApiToken": true,
              "canUpdateOauth": true,
              "canUpdateSentinel": false,
              "canUpdateSshKeys": true,
            },
            "planExpired": false,
            "planExpiresAt": null,
            "planIsEnterprise": false,
            "planIsTrial": false,
            "samlEnabled": false,
            "sessionRemember": null,
            "sessionTimeout": null,
            "twoFactorConformant": false,
          },
        },
      ],
      "_type": "tfe_organization",
      "collaboratorAuthPolicy": "password",
      "costEstimationEnabled": false,
      "createdOn": 1613597068929,
      "displayName": "jupiterone",
      "email": "austin.kelleher@jupiterone.com",
      "fairRunQueuingEnabled": true,
      "id": "org-yMai1ZUhS39WMAU9",
      "mfaEnabled": false,
      "name": "jupiterone",
      "ownersTeamSamlRoleId": null,
      "permissions.canAccessViaTeams": true,
      "permissions.canCreateModule": true,
      "permissions.canCreateProvider": false,
      "permissions.canCreateTeam": false,
      "permissions.canCreateWorkspace": true,
      "permissions.canDestroy": true,
      "permissions.canManagePublicModules": true,
      "permissions.canManagePublicProviders": false,
      "permissions.canManageSso": false,
      "permissions.canManageSubscription": true,
      "permissions.canManageTags": true,
      "permissions.canManageUsers": true,
      "permissions.canStartTrial": true,
      "permissions.canTraverse": true,
      "permissions.canUpdate": true,
      "permissions.canUpdateAgentPools": false,
      "permissions.canUpdateApiToken": true,
      "permissions.canUpdateOauth": true,
      "permissions.canUpdateSentinel": false,
      "permissions.canUpdateSshKeys": true,
      "planExpired": false,
      "planExpiresAt": undefined,
      "planIsEnterprise": false,
      "planIsTrial": false,
      "samlEnabled": false,
      "sessionRemember": null,
      "sessionTimeout": null,
      "webLink": "https://app.terraform.io/app/jupiterone/workspaces",
    },
  ],
  "collectedRelationships": Array [
    Object {
      "_class": "HAS",
      "_fromEntityKey": "account-user-2yZJWZGNJmNsidGK",
      "_key": "account-user-2yZJWZGNJmNsidGK|has|org-yMai1ZUhS39WMAU9",
      "_toEntityKey": "org-yMai1ZUhS39WMAU9",
      "_type": "tfe_account_has_organization",
      "displayName": "HAS",
    },
  ],
  "encounteredTypes": Array [
    "tfe_account",
    "tfe_organization",
    "tfe_account_has_organization",
  ],
  "numCollectedEntities": 2,
  "numCollectedRelationships": 1,
}
`;
